int (T_INT)
add (T_ID)
( (T_LPAREN)
int (T_INT)
a (T_ID)
, (T_COMMA)
int (T_INT)
b (T_ID)
) (T_RPAREN)
{ (T_LBRACE)
return (T_RETURN)
a (T_ID)
+ (T_PLUS)
b (T_ID)
; (T_SEMICOLON)
} (T_RBRACE)
void (T_VOID)
main (T_ID)
( (T_LPAREN)
) (T_RPAREN)
{ (T_LBRACE)
string (T_STRING)
msg (T_ID)
= (T_ASSIGN)
"sum" (T_STRING_LITERAL)
; (T_SEMICOLON)
print (T_PRINT)
( (T_LPAREN)
msg (T_ID)
) (T_RPAREN)
; (T_SEMICOLON)
print (T_PRINT)
( (T_LPAREN)
add (T_ID)
( (T_LPAREN)
1 (T_INT_LITERAL)
, (T_COMMA)
2 (T_INT_LITERAL)
) (T_RPAREN)
) (T_RPAREN)
; (T_SEMICOLON)
} (T_RBRACE)
