int (T_INT)
fact (T_ID)
( (T_LPAREN)
int (T_INT)
n (T_ID)
) (T_RPAREN)
{ (T_LBRACE)
int (T_INT)
result (T_ID)
= (T_ASSIGN)
1 (T_INT_LITERAL)
; (T_SEMICOLON)
while (T_WHILE)
( (T_LPAREN)
n (T_ID)
> (T_GREATER)
1 (T_INT_LITERAL)
) (T_RPAREN)
{ (T_LBRACE)
result (T_ID)
= (T_ASSIGN)
result (T_ID)
* (T_TIMES)
n (T_ID)
; (T_SEMICOLON)
n (T_ID)
-- (T_DECREMENT)
; (T_SEMICOLON)
} (T_RBRACE)
return (T_RETURN)
result (T_ID)
; (T_SEMICOLON)
} (T_RBRACE)
print (T_PRINT)
( (T_LPAREN)
fact (T_ID)
( (T_LPAREN)
5 (T_INT_LITERAL)
) (T_RPAREN)
) (T_RPAREN)
; (T_SEMICOLON)
