ifelse (T_ID)
elseifelse (T_ID)
whilefor (T_ID)
returnreturn (T_ID)
printprint (T_ID)
intdouble (T_ID)
stringcharacter (T_ID)
< (T_LESS)
<= (T_LESS_EQUAL)
< (T_LESS)
< (T_LESS)
> (T_GREATER)
>= (T_GREATER_EQUAL)
> (T_GREATER)
> (T_GREATER)
= (T_ASSIGN)
== (T_EQUAL)
== (T_EQUAL)
= (T_ASSIGN)
! (T_NOT)
!= (T_NOT_EQUAL)
!= (T_NOT_EQUAL)
= (T_ASSIGN)
+ (T_PLUS)
++ (T_INCREMENT)
+= (T_PLUS_ASSIGN)
++ (T_INCREMENT)
+ (T_PLUS)
- (T_MINUS)
-- (T_DECREMENT)
-= (T_MINUS_ASSIGN)
-- (T_DECREMENT)
- (T_MINUS)
